******************************************************************************
                  TI ARM Linker PC v20.2.7                     
******************************************************************************
>> Linked Fri Nov  1 10:46:19 2024

OUTPUT FILE NAME:   <project3.out>
ENTRY POINT SYMBOL: "_c_int00_noargs"  address: 00000805


MEMORY CONFIGURATION

         name            origin    length      used     unused   attr    fill
----------------------  --------  ---------  --------  --------  ----  --------
  FLASH                 00000000   00040000  00000876  0003f78a  R  X
  SRAM                  20000000   00008000  00000211  00007def  RW X


SEGMENT ALLOCATION MAP

run origin  load origin   length   init length attrs members
----------  ----------- ---------- ----------- ----- -------
00000000    00000000    00000878   00000878    r-x
  00000000    00000000    0000026c   0000026c    r-- .intvecs
  0000026c    0000026c    000005e2   000005e2    r-x .text
  00000850    00000850    00000028   00000028    r-- .cinit
20000000    20000000    00000211   00000000    rw-
  20000000    20000000    00000200   00000000    rw- .stack
  20000200    20000200    00000011   00000000    rw- .data


SECTION ALLOCATION MAP

 output                                  attributes/
section   page    origin      length       input sections
--------  ----  ----------  ----------   ----------------
.intvecs   0    00000000    0000026c     
                  00000000    0000026c     tm4c123gh6pm_startup_ccs.obj (.intvecs)

.text      0    0000026c    000005e2     
                  0000026c    000003c4     main.obj (.text)
                  00000630    0000009c     rtsv7M4_T_le_v4SPD16_eabi.lib : memcpy_t2.asm.obj (.text)
                  000006cc    0000008c     tm4c123gh6pm_startup_ccs.obj (.text)
                  00000758    00000068     rtsv7M4_T_le_v4SPD16_eabi.lib : copy_decompress_lzss.c.obj (.text:decompress:lzss:__TI_decompress_lzss)
                  000007c0    00000044                                   : autoinit.c.obj (.text:__TI_auto_init_nobinit_nopinit:__TI_auto_init_nobinit_nopinit)
                  00000804    00000034                                   : boot_cortex_m.c.obj (.text:_c_int00_noargs:_c_int00_noargs)
                  00000838    0000000e                                   : copy_decompress_none.c.obj (.text:decompress:none:__TI_decompress_none)
                  00000846    00000004                                   : pre_init.c.obj (.text:_system_pre_init)
                  0000084a    00000004                                   : exit.c.obj (.text:abort:abort)

.cinit     0    00000850    00000028     
                  00000850    00000017     (.cinit..data.load) [load image, compression = lzss]
                  00000867    00000001     --HOLE-- [fill = 0]
                  00000868    00000008     (__TI_handler_table)
                  00000870    00000008     (__TI_cinit_table)

.init_array 
*          0    00000000    00000000     UNINITIALIZED

.data      0    20000200    00000011     UNINITIALIZED
                  20000200    00000010     main.obj (.data:keypad)
                  20000210    00000001     tm4c123gh6pm_startup_ccs.obj (.data)

.stack     0    20000000    00000200     UNINITIALIZED
                  20000000    00000004     rtsv7M4_T_le_v4SPD16_eabi.lib : boot_cortex_m.c.obj (.stack)
                  20000004    000001fc     --HOLE--

__llvm_prf_cnts 
*          0    20000000    00000000     UNINITIALIZED

MODULE SUMMARY

       Module                         code   ro data   rw data
       ------                         ----   -------   -------
    .\
       main.obj                       964    0         16     
       tm4c123gh6pm_startup_ccs.obj   140    620       1      
    +--+------------------------------+------+---------+---------+
       Total:                         1104   620       17     
                                                              
    C:\ti\ccs1280\ccs\tools\compiler\ti-cgt-arm_20.2.7.LTS\lib\rtsv7M4_T_le_v4SPD16_eabi.lib
       memcpy_t2.asm.obj              156    0         0      
       copy_decompress_lzss.c.obj     104    0         0      
       autoinit.c.obj                 68     0         0      
       boot_cortex_m.c.obj            52     0         0      
       copy_decompress_none.c.obj     14     0         0      
       exit.c.obj                     4      0         0      
       pre_init.c.obj                 4      0         0      
    +--+------------------------------+------+---------+---------+
       Total:                         402    0         0      
                                                              
       Stack:                         0      0         512    
       Linker Generated:              0      39        0      
    +--+------------------------------+------+---------+---------+
       Grand Total:                   1506   659       529    


LINKER GENERATED COPY TABLES

__TI_cinit_table @ 00000870 records: 1, size/record: 8, table size: 8
	.data: load addr=00000850, load size=00000017 bytes, run addr=20000200, run size=00000011 bytes, compression=lzss


LINKER GENERATED HANDLER TABLE

__TI_handler_table @ 00000868 records: 2, size/record: 4, table size: 8
	index: 0, handler: __TI_decompress_lzss
	index: 1, handler: __TI_decompress_none


GLOBAL SYMBOLS: SORTED ALPHABETICALLY BY Name 

address   name                          
-------   ----                          
0000084b  C$$EXIT                       
0000055d  DelayMs                       
00000723  GPIOPortB_Handler             
00000413  GetKeypadInput                
00000303  InitGPIO                      
000004f9  InitTimer                     
000002a9  InitUART                      
000006cd  ResetISR                      
000006d9  Timer0A_Handler               
00000541  UARTSendChar                  
20000200  __STACK_END                   
00000200  __STACK_SIZE                  
20000200  __STACK_TOP                   
00000870  __TI_CINIT_Base               
00000878  __TI_CINIT_Limit              
00000868  __TI_Handler_Table_Base       
00000870  __TI_Handler_Table_Limit      
000007c1  __TI_auto_init_nobinit_nopinit
00000759  __TI_decompress_lzss          
00000839  __TI_decompress_none          
ffffffff  __TI_pprof_out_hndl           
ffffffff  __TI_prof_data_size           
ffffffff  __TI_prof_data_start          
00000000  __TI_static_base__            
00000631  __aeabi_memcpy                
00000631  __aeabi_memcpy4               
00000631  __aeabi_memcpy8               
ffffffff  __binit__                     
ffffffff  __c_args__                    
UNDEFED   __mpu_init                    
20000000  __stack                       
20000000  __start___llvm_prf_cnts       
20000000  __stop___llvm_prf_cnts        
00000805  _c_int00_noargs               
UNDEFED   _system_post_cinit            
00000847  _system_pre_init              
0000084b  abort                         
ffffffff  binit                         
00000000  g_pfnVectors                  
20000200  keypad                        
20000210  ledState                      
0000026d  main                          
00000631  memcpy                        


GLOBAL SYMBOLS: SORTED BY Symbol Address 

address   name                          
-------   ----                          
00000000  __TI_static_base__            
00000000  g_pfnVectors                  
00000200  __STACK_SIZE                  
0000026d  main                          
000002a9  InitUART                      
00000303  InitGPIO                      
00000413  GetKeypadInput                
000004f9  InitTimer                     
00000541  UARTSendChar                  
0000055d  DelayMs                       
00000631  __aeabi_memcpy                
00000631  __aeabi_memcpy4               
00000631  __aeabi_memcpy8               
00000631  memcpy                        
000006cd  ResetISR                      
000006d9  Timer0A_Handler               
00000723  GPIOPortB_Handler             
00000759  __TI_decompress_lzss          
000007c1  __TI_auto_init_nobinit_nopinit
00000805  _c_int00_noargs               
00000839  __TI_decompress_none          
00000847  _system_pre_init              
0000084b  C$$EXIT                       
0000084b  abort                         
00000868  __TI_Handler_Table_Base       
00000870  __TI_CINIT_Base               
00000870  __TI_Handler_Table_Limit      
00000878  __TI_CINIT_Limit              
20000000  __stack                       
20000000  __start___llvm_prf_cnts       
20000000  __stop___llvm_prf_cnts        
20000200  __STACK_END                   
20000200  __STACK_TOP                   
20000200  keypad                        
20000210  ledState                      
ffffffff  __TI_pprof_out_hndl           
ffffffff  __TI_prof_data_size           
ffffffff  __TI_prof_data_start          
ffffffff  __binit__                     
ffffffff  __c_args__                    
ffffffff  binit                         
UNDEFED   __mpu_init                    
UNDEFED   _system_post_cinit            

[43 symbols]
